
(player:45745): dbind-WARNING **: 21:02:01.504: AT-SPI: Error retrieving accessibility bus address: org.freedesktop.DBus.Error.ServiceUnknown: The name org.a11y.Bus was not provided by any .service files
WINDOW_STATE fullscreen=0
WINDOW_STATE fullscreen=0
WINDOW_STATE fullscreen=0
WEB {"event":"features","msePlayback":true,"mseLivePlayback":true,"mseH265Playback":true,"networkStreamIO":true,"networkLoaderName":"fetch-stream-loader","nativeMP4H264Playback":true,"nativeMP4H265Playback":true,"nativeWebmVP8Playback":true,"nativeWebmVP9Playback":true}
WEB {"event":"released","generation":0}
WEB {"event":"waiting","generation":1}
[W][21:02:03.346617] pw.conf      | [          conf.c: 1182 try_load_conf()] can't load config client.conf: No such file or directory
[E][21:02:03.346670] pw.conf      | [          conf.c: 1215 pw_conf_load_conf_for_context()] can't load config client.conf: No such file or directory
[ALSOFT] (EE) Failed to create PipeWire event context (errno: 2)
ALSA lib confmisc.c:855:(parse_card) [error.core] cannot find card '0'
ALSA lib conf.c:5211:(_snd_config_evaluate) [error.core] function snd_func_card_inum returned error: No such file or directory
ALSA lib confmisc.c:422:(snd_func_concat) [error.core] error evaluating strings
ALSA lib conf.c:5211:(_snd_config_evaluate) [error.core] function snd_func_concat returned error: No such file or directory
ALSA lib confmisc.c:1342:(snd_func_refer) [error.core] error evaluating name
ALSA lib conf.c:5211:(_snd_config_evaluate) [error.core] function snd_func_refer returned error: No such file or directory
ALSA lib conf.c:5734:(snd_config_expand) [error.core] Evaluate error: No such file or directory
ALSA lib pcm.c:2722:(snd_pcm_open_noupdate) [error.pcm] Unknown PCM default
WEB {"event":"playing","generation":1}
WEB {"event":"sample","generation":1,"time":0.278221197,"total":8,"dropped":0,"presented":8,"ready":3,"paused":false}
WEB {"event":"sample","generation":1,"time":1.278167543,"total":38,"dropped":0,"presented":38,"ready":3,"paused":false}
WEB {"event":"sample","generation":1,"time":2.278360449,"total":68,"dropped":0,"presented":68,"ready":3,"paused":false}
WEB {"event":"sample","generation":1,"time":3.278426516,"total":98,"dropped":0,"presented":98,"ready":3,"paused":false}
WEB {"event":"sample","generation":1,"time":4.278430108,"total":128,"dropped":0,"presented":128,"ready":3,"paused":false}
ACTION resize
WEB {"event":"sample","generation":1,"time":5.278352602,"total":158,"dropped":0,"presented":157,"ready":3,"paused":false}
WEB {"event":"sample","generation":1,"time":6.282354991,"total":188,"dropped":0,"presented":187,"ready":3,"paused":false}
WEB {"event":"sample","generation":1,"time":7.28635595,"total":218,"dropped":0,"presented":217,"ready":3,"paused":false}
WEB {"event":"sample","generation":1,"time":8.291392681,"total":249,"dropped":0,"presented":247,"ready":3,"paused":false}
ACTION fullscreen
WINDOW_STATE fullscreen=1
WEB {"event":"sample","generation":1,"time":9.294434182,"total":279,"dropped":0,"presented":277,"ready":3,"paused":false}
WEB {"event":"sample","generation":1,"time":10.29836479,"total":309,"dropped":0,"presented":307,"ready":3,"paused":false}
ACTION unfullscreen
WINDOW_STATE fullscreen=0
WEB {"event":"sample","generation":1,"time":11.302659968,"total":339,"dropped":0,"presented":338,"ready":3,"paused":false}
WEB {"event":"sample","generation":1,"time":12.306416024,"total":369,"dropped":0,"presented":368,"ready":3,"paused":false}
ACTION release
WEB {"event":"released","generation":1}
WEB {"event":"sample","generation":1,"time":0,"total":0,"dropped":0,"presented":387,"ready":0,"paused":true}
WEB {"event":"sample","generation":1,"time":0,"total":0,"dropped":0,"presented":387,"ready":0,"paused":true}
ACTION resume
WEB {"event":"released","generation":1}
WEB {"event":"waiting","generation":2}
WEB {"event":"sample","generation":2,"time":0,"total":0,"dropped":0,"presented":0,"ready":0,"paused":false}
ALSA lib confmisc.c:855:(parse_card) [error.core] cannot find card '0'
ALSA lib conf.c:5211:(_snd_config_evaluate) [error.core] function snd_func_card_inum returned error: No such file or directory
ALSA lib confmisc.c:422:(snd_func_concat) [error.core] error evaluating strings
ALSA lib conf.c:5211:(_snd_config_evaluate) [error.core] function snd_func_concat returned error: No such file or directory
ALSA lib confmisc.c:1342:(snd_func_refer) [error.core] error evaluating name
ALSA lib conf.c:5211:(_snd_config_evaluate) [error.core] function snd_func_refer returned error: No such file or directory
ALSA lib conf.c:5734:(snd_config_expand) [error.core] Evaluate error: No such file or directory
ALSA lib pcm.c:2722:(snd_pcm_open_noupdate) [error.pcm] Unknown PCM default
WEB {"event":"playing","generation":2}
WEB {"event":"sample","generation":2,"time":0.775274664,"total":23,"dropped":0,"presented":23,"ready":3,"paused":false}
WEB {"event":"sample","generation":2,"time":1.77950294,"total":53,"dropped":0,"presented":53,"ready":3,"paused":false}
ACTION release-before-replace
WEB {"event":"released","generation":2}
WEB {"event":"sample","generation":2,"time":0,"total":0,"dropped":0,"presented":71,"ready":0,"paused":true}
ACTION replace
WEB {"event":"released","generation":2}
WEB {"event":"waiting","generation":3}
WEB {"event":"sample","generation":3,"time":0,"total":0,"dropped":0,"presented":0,"ready":0,"paused":false}
ALSA lib confmisc.c:855:(parse_card) [error.core] cannot find card '0'
ALSA lib conf.c:5211:(_snd_config_evaluate) [error.core] function snd_func_card_inum returned error: No such file or directory
ALSA lib confmisc.c:422:(snd_func_concat) [error.core] error evaluating strings
ALSA lib conf.c:5211:(_snd_config_evaluate) [error.core] function snd_func_concat returned error: No such file or directory
ALSA lib confmisc.c:1342:(snd_func_refer) [error.core] error evaluating name
ALSA lib conf.c:5211:(_snd_config_evaluate) [error.core] function snd_func_refer returned error: No such file or directory
ALSA lib conf.c:5734:(snd_config_expand) [error.core] Evaluate error: No such file or directory
ALSA lib pcm.c:2722:(snd_pcm_open_noupdate) [error.pcm] Unknown PCM default
WEB {"event":"playing","generation":3}
WEB {"event":"sample","generation":3,"time":0.847570315,"total":25,"dropped":0,"presented":25,"ready":3,"paused":false}
WEB {"event":"sample","generation":3,"time":1.851559029,"total":55,"dropped":0,"presented":55,"ready":3,"paused":false}
WEB {"event":"sample","generation":3,"time":2.855622295,"total":86,"dropped":0,"presented":85,"ready":3,"paused":false}
WEB {"event":"sample","generation":3,"time":3.860234161,"total":116,"dropped":0,"presented":115,"ready":3,"paused":false}
WEB {"event":"sample","generation":3,"time":4.86361542,"total":146,"dropped":0,"presented":146,"ready":3,"paused":false}
ACTION stop
WEB {"event":"released","generation":3}
WEB {"event":"sample","generation":3,"time":0,"total":0,"dropped":0,"presented":163,"ready":0,"paused":true}
WEB {"event":"sample","generation":3,"time":0,"total":0,"dropped":0,"presented":163,"ready":0,"paused":true}
CLEANUP complete renders=0 changed=0
