
(player:46085): dbind-WARNING **: 21:02:31.411: AT-SPI: Error retrieving accessibility bus address: org.freedesktop.DBus.Error.ServiceUnknown: The name org.a11y.Bus was not provided by any .service files
GL_RENDERER llvmpipe (LLVM 21.1.8, 256 bits)
Cannot load libcuda.so.1
WINDOW_STATE fullscreen=0
WINDOW_STATE fullscreen=0
WINDOW_STATE fullscreen=0
MPV_EVENT file-loaded
MPV_EVENT playback-restart
MPV_SAMPLE t=1 renders=3 changed=3 time-pos=0.054667 decoder-frame-drop-count=0 frame-drop-count=1 estimated-vf-fps=30.000000 hwdec-current=no idle-active=no
MPV_SAMPLE t=2 renders=29 changed=29 time-pos=1.088000 decoder-frame-drop-count=0 frame-drop-count=6 estimated-vf-fps=30.000000 hwdec-current=no idle-active=no
MPV_SAMPLE t=3 renders=59 changed=59 time-pos=2.088000 decoder-frame-drop-count=0 frame-drop-count=6 estimated-vf-fps=30.000000 hwdec-current=no idle-active=no
MPV_SAMPLE t=4 renders=89 changed=89 time-pos=3.088000 decoder-frame-drop-count=0 frame-drop-count=6 estimated-vf-fps=30.000000 hwdec-current=no idle-active=no
MPV_SAMPLE t=5 renders=119 changed=119 time-pos=4.088000 decoder-frame-drop-count=0 frame-drop-count=6 estimated-vf-fps=30.000000 hwdec-current=no idle-active=no
MPV_SAMPLE t=6 renders=149 changed=149 time-pos=5.088000 decoder-frame-drop-count=0 frame-drop-count=6 estimated-vf-fps=30.000000 hwdec-current=no idle-active=no
ACTION resize
MPV_SAMPLE t=7 renders=179 changed=179 time-pos=6.088000 decoder-frame-drop-count=0 frame-drop-count=6 estimated-vf-fps=30.000000 hwdec-current=no idle-active=no
MPV_SAMPLE t=8 renders=209 changed=209 time-pos=7.088000 decoder-frame-drop-count=0 frame-drop-count=6 estimated-vf-fps=30.000000 hwdec-current=no idle-active=no
MPV_SAMPLE t=9 renders=239 changed=239 time-pos=8.088000 decoder-frame-drop-count=0 frame-drop-count=6 estimated-vf-fps=30.000000 hwdec-current=no idle-active=no
MPV_SAMPLE t=10 renders=269 changed=269 time-pos=9.088000 decoder-frame-drop-count=0 frame-drop-count=6 estimated-vf-fps=30.000000 hwdec-current=no idle-active=no
ACTION fullscreen
WINDOW_STATE fullscreen=1
MPV_SAMPLE t=11 renders=299 changed=299 time-pos=10.088000 decoder-frame-drop-count=0 frame-drop-count=6 estimated-vf-fps=30.000000 hwdec-current=no idle-active=no
MPV_SAMPLE t=12 renders=329 changed=329 time-pos=11.088000 decoder-frame-drop-count=0 frame-drop-count=6 estimated-vf-fps=30.000000 hwdec-current=no idle-active=no
ACTION unfullscreen
WINDOW_STATE fullscreen=0
MPV_SAMPLE t=13 renders=359 changed=359 time-pos=12.088000 decoder-frame-drop-count=0 frame-drop-count=6 estimated-vf-fps=30.000000 hwdec-current=no idle-active=no
MPV_SAMPLE t=14 renders=389 changed=389 time-pos=13.088000 decoder-frame-drop-count=0 frame-drop-count=6 estimated-vf-fps=30.000000 hwdec-current=no idle-active=no
ACTION release
WEB control:stop
MPV_EVENT end-file
MPV_SAMPLE t=15 renders=392 changed=392 time-pos=unavailable decoder-frame-drop-count=unavailable frame-drop-count=unavailable estimated-vf-fps=unavailable hwdec-current=unavailable idle-active=yes
MPV_SAMPLE t=16 renders=392 changed=392 time-pos=unavailable decoder-frame-drop-count=unavailable frame-drop-count=unavailable estimated-vf-fps=unavailable hwdec-current=unavailable idle-active=yes
ACTION resume
WEB control:start
MPV_EVENT file-loaded
MPV_EVENT playback-restart
MPV_SAMPLE t=17 renders=400 changed=400 time-pos=0.288000 decoder-frame-drop-count=0 frame-drop-count=1 estimated-vf-fps=30.000000 hwdec-current=no idle-active=no
MPV_SAMPLE t=18 renders=429 changed=429 time-pos=1.254667 decoder-frame-drop-count=0 frame-drop-count=1 estimated-vf-fps=30.000000 hwdec-current=no idle-active=no
MPV_SAMPLE t=19 renders=459 changed=459 time-pos=2.254667 decoder-frame-drop-count=0 frame-drop-count=1 estimated-vf-fps=30.000000 hwdec-current=no idle-active=no
ACTION release-before-replace
WEB control:stop
MPV_EVENT end-file
MPV_SAMPLE t=20 renders=462 changed=462 time-pos=unavailable decoder-frame-drop-count=unavailable frame-drop-count=unavailable estimated-vf-fps=unavailable hwdec-current=unavailable idle-active=yes
ACTION replace
WEB control:start
MPV_EVENT file-loaded
MPV_EVENT playback-restart
MPV_SAMPLE t=21 renders=471 changed=471 time-pos=0.288000 decoder-frame-drop-count=0 frame-drop-count=0 estimated-vf-fps=30.000000 hwdec-current=no idle-active=no
MPV_SAMPLE t=22 renders=501 changed=501 time-pos=1.288000 decoder-frame-drop-count=0 frame-drop-count=0 estimated-vf-fps=30.000000 hwdec-current=no idle-active=no
MPV_SAMPLE t=23 renders=531 changed=531 time-pos=2.288000 decoder-frame-drop-count=0 frame-drop-count=0 estimated-vf-fps=30.000000 hwdec-current=no idle-active=no
MPV_SAMPLE t=24 renders=561 changed=561 time-pos=3.288000 decoder-frame-drop-count=0 frame-drop-count=0 estimated-vf-fps=30.000000 hwdec-current=no idle-active=no
MPV_SAMPLE t=25 renders=591 changed=591 time-pos=4.288000 decoder-frame-drop-count=0 frame-drop-count=0 estimated-vf-fps=30.000000 hwdec-current=no idle-active=no
MPV_SAMPLE t=26 renders=621 changed=621 time-pos=5.288000 decoder-frame-drop-count=0 frame-drop-count=0 estimated-vf-fps=30.000000 hwdec-current=no idle-active=no
ACTION stop
WEB control:stop
MPV_EVENT end-file
MPV_SAMPLE t=27 renders=624 changed=624 time-pos=unavailable decoder-frame-drop-count=unavailable frame-drop-count=unavailable estimated-vf-fps=unavailable hwdec-current=unavailable idle-active=yes
MPV_SAMPLE t=28 renders=624 changed=624 time-pos=unavailable decoder-frame-drop-count=unavailable frame-drop-count=unavailable estimated-vf-fps=unavailable hwdec-current=unavailable idle-active=yes
CLEANUP complete renders=624 changed=624
