GDK_BACKEND GdkX11Display GTK 3.24.52 WEBKIT 2.52.6
WINDOW_STATE fullscreen=0
WINDOW_STATE fullscreen=0
WINDOW_STATE fullscreen=0
WEB {"event":"features","msePlayback":true,"mseLivePlayback":true,"mseH265Playback":true,"networkStreamIO":true,"networkLoaderName":"fetch-stream-loader","nativeMP4H264Playback":true,"nativeMP4H265Playback":true,"nativeWebmVP8Playback":true,"nativeWebmVP9Playback":true}
WEB {"event":"released","generation":0}
WEB {"event":"waiting","generation":1}
WEB {"event":"playing","generation":1}
WEB {"event":"sample","generation":1,"time":0.650946,"total":19,"dropped":0,"presented":19,"ready":3,"paused":false}
WEB {"event":"sample","generation":1,"time":1.654178,"total":49,"dropped":0,"presented":49,"ready":3,"paused":false}
WEB {"event":"sample","generation":1,"time":2.651726,"total":79,"dropped":0,"presented":79,"ready":3,"paused":false}
WEB {"event":"sample","generation":1,"time":3.652963,"total":109,"dropped":0,"presented":109,"ready":3,"paused":false}
WEB {"event":"sample","generation":1,"time":4.658438,"total":140,"dropped":0,"presented":139,"ready":3,"paused":false}
ACTION resize
WEB {"event":"sample","generation":1,"time":5.664445,"total":170,"dropped":0,"presented":170,"ready":3,"paused":false}
WEB {"event":"sample","generation":1,"time":6.670749,"total":200,"dropped":0,"presented":200,"ready":3,"paused":false}
WEB {"event":"sample","generation":1,"time":7.673135,"total":230,"dropped":0,"presented":230,"ready":3,"paused":false}
WEB {"event":"sample","generation":1,"time":8.671611,"total":260,"dropped":0,"presented":260,"ready":3,"paused":false}
ACTION fullscreen
WINDOW_STATE fullscreen=1
WEB {"event":"sample","generation":1,"time":9.676987,"total":290,"dropped":0,"presented":290,"ready":3,"paused":false}
WEB {"event":"sample","generation":1,"time":10.672719,"total":320,"dropped":0,"presented":320,"ready":3,"paused":false}
ACTION unfullscreen
WINDOW_STATE fullscreen=0
WEB {"event":"sample","generation":1,"time":11.668656,"total":350,"dropped":0,"presented":350,"ready":3,"paused":false}
WEB {"event":"sample","generation":1,"time":12.67196,"total":380,"dropped":0,"presented":380,"ready":3,"paused":false}
ACTION release
WEB {"event":"released","generation":1}
WEB {"event":"sample","generation":1,"time":0,"total":0,"dropped":0,"presented":390,"ready":0,"paused":true}
WEB {"event":"sample","generation":1,"time":0,"total":0,"dropped":0,"presented":390,"ready":0,"paused":true}
ACTION resume
WEB {"event":"released","generation":1}
WEB {"event":"waiting","generation":2}
WEB {"event":"playing","generation":2}
WEB {"event":"sample","generation":2,"time":0.457417,"total":14,"dropped":0,"presented":13,"ready":3,"paused":false}
WEB {"event":"sample","generation":2,"time":1.473029,"total":44,"dropped":0,"presented":44,"ready":3,"paused":false}
WEB {"event":"sample","generation":2,"time":2.479944,"total":74,"dropped":0,"presented":74,"ready":3,"paused":false}
ACTION release-before-replace
WEB {"event":"released","generation":2}
WEB {"event":"sample","generation":2,"time":0,"total":0,"dropped":0,"presented":84,"ready":0,"paused":true}
ACTION replace
WEB {"event":"released","generation":2}
WEB {"event":"waiting","generation":3}
WEB {"event":"playing","generation":3}
WEB {"event":"sample","generation":3,"time":0.467436,"total":14,"dropped":0,"presented":14,"ready":3,"paused":false}
WEB {"event":"sample","generation":3,"time":1.492048,"total":45,"dropped":0,"presented":44,"ready":3,"paused":false}
WEB {"event":"sample","generation":3,"time":2.50205,"total":75,"dropped":0,"presented":75,"ready":3,"paused":false}
WEB {"event":"sample","generation":3,"time":3.498855,"total":105,"dropped":0,"presented":105,"ready":3,"paused":false}
WEB {"event":"sample","generation":3,"time":4.502504,"total":135,"dropped":0,"presented":135,"ready":3,"paused":false}
WEB {"event":"sample","generation":3,"time":5.511953,"total":165,"dropped":0,"presented":165,"ready":3,"paused":false}
ACTION stop
WEB {"event":"released","generation":3}
WEB {"event":"sample","generation":3,"time":0,"total":0,"dropped":0,"presented":174,"ready":0,"paused":true}
WEB {"event":"sample","generation":3,"time":0,"total":0,"dropped":0,"presented":174,"ready":0,"paused":true}
CLEANUP complete renders=0 changed=0
