GDK_BACKEND GdkX11Display GTK 3.24.52 WEBKIT 2.52.6
WINDOW_STATE fullscreen=0
WINDOW_STATE fullscreen=0
WINDOW_STATE fullscreen=0
WEB {"event":"features","msePlayback":true,"mseLivePlayback":true,"mseH265Playback":true,"networkStreamIO":true,"networkLoaderName":"fetch-stream-loader","nativeMP4H264Playback":true,"nativeMP4H265Playback":true,"nativeWebmVP8Playback":true,"nativeWebmVP9Playback":true}
WEB {"event":"released","generation":0}
WEB {"event":"waiting","generation":1}
WEB {"event":"playing","generation":1}
WEB {"event":"sample","generation":1,"time":0.644075,"total":19,"dropped":0,"presented":0,"ready":3,"paused":false}
WEB {"event":"sample","generation":1,"time":1.647728,"total":49,"dropped":0,"presented":0,"ready":3,"paused":false}
WEB {"event":"sample","generation":1,"time":2.645852,"total":79,"dropped":0,"presented":0,"ready":3,"paused":false}
WEB {"event":"sample","generation":1,"time":3.647777,"total":109,"dropped":0,"presented":0,"ready":3,"paused":false}
WEB {"event":"sample","generation":1,"time":4.639775,"total":139,"dropped":0,"presented":0,"ready":3,"paused":false}
ACTION resize
WEB {"event":"sample","generation":1,"time":5.648664,"total":169,"dropped":0,"presented":0,"ready":3,"paused":false}
WEB {"event":"sample","generation":1,"time":6.649364,"total":199,"dropped":0,"presented":0,"ready":3,"paused":false}
WEB {"event":"sample","generation":1,"time":7.669737,"total":230,"dropped":0,"presented":0,"ready":3,"paused":false}
WEB {"event":"sample","generation":1,"time":8.671127,"total":260,"dropped":0,"presented":0,"ready":3,"paused":false}
ACTION fullscreen
WINDOW_STATE fullscreen=1
WEB {"event":"sample","generation":1,"time":9.717217,"total":291,"dropped":0,"presented":0,"ready":3,"paused":false}
WEB {"event":"sample","generation":1,"time":10.714716,"total":320,"dropped":0,"presented":0,"ready":3,"paused":false}
ACTION unfullscreen
WINDOW_STATE fullscreen=0
WEB {"event":"sample","generation":1,"time":11.711334,"total":350,"dropped":0,"presented":0,"ready":3,"paused":false}
WEB {"event":"sample","generation":1,"time":12.714509,"total":380,"dropped":0,"presented":0,"ready":3,"paused":false}
ACTION release
WEB {"event":"released","generation":1}
WEB {"event":"sample","generation":1,"time":0,"total":0,"dropped":0,"presented":0,"ready":0,"paused":true}
WEB {"event":"sample","generation":1,"time":0,"total":0,"dropped":0,"presented":0,"ready":0,"paused":true}
ACTION resume
WEB {"event":"released","generation":1}
WEB {"event":"waiting","generation":2}
WEB {"event":"playing","generation":2}
WEB {"event":"sample","generation":2,"time":0.148235,"total":4,"dropped":0,"presented":0,"ready":3,"paused":false}
WEB {"event":"sample","generation":2,"time":1.173865,"total":35,"dropped":0,"presented":0,"ready":3,"paused":false}
WEB {"event":"sample","generation":2,"time":2.18201,"total":65,"dropped":0,"presented":0,"ready":3,"paused":false}
ACTION release-before-replace
WEB {"event":"released","generation":2}
WEB {"event":"sample","generation":2,"time":0,"total":0,"dropped":0,"presented":0,"ready":0,"paused":true}
ACTION replace
WEB {"event":"released","generation":2}
WEB {"event":"waiting","generation":3}
WEB {"event":"playing","generation":3}
WEB {"event":"sample","generation":3,"time":0.342406,"total":10,"dropped":0,"presented":0,"ready":3,"paused":false}
WEB {"event":"sample","generation":3,"time":1.349695,"total":40,"dropped":0,"presented":0,"ready":3,"paused":false}
WEB {"event":"sample","generation":3,"time":2.382592,"total":71,"dropped":0,"presented":0,"ready":3,"paused":false}
WEB {"event":"sample","generation":3,"time":3.380459,"total":101,"dropped":0,"presented":0,"ready":3,"paused":false}
WEB {"event":"sample","generation":3,"time":4.407152,"total":132,"dropped":0,"presented":0,"ready":3,"paused":false}
WEB {"event":"sample","generation":3,"time":5.411448,"total":162,"dropped":0,"presented":0,"ready":3,"paused":false}
ACTION stop
WEB {"event":"released","generation":3}
WEB {"event":"sample","generation":3,"time":0,"total":0,"dropped":0,"presented":0,"ready":0,"paused":true}
WEB {"event":"sample","generation":3,"time":0,"total":0,"dropped":0,"presented":0,"ready":0,"paused":true}
CLEANUP complete renders=0 changed=0
