GDK_BACKEND GdkWaylandDisplay GTK 3.24.52 WEBKIT 2.52.6
GL_RENDERER Mesa Intel(R) Arc(tm) Graphics (MTL)
WINDOW_STATE fullscreen=0
WINDOW_STATE fullscreen=0
WINDOW_STATE fullscreen=0
MPV_EVENT file-loaded
MPV_EVENT playback-restart
MPV_SAMPLE t=1 renders=41 changed=41 time-pos=1.288000 decoder-frame-drop-count=0 frame-drop-count=0 estimated-vf-fps=30.000000 hwdec-current=no idle-active=no
MPV_SAMPLE t=2 renders=71 changed=71 time-pos=2.288000 decoder-frame-drop-count=0 frame-drop-count=0 estimated-vf-fps=30.000000 hwdec-current=no idle-active=no
MPV_SAMPLE t=3 renders=101 changed=101 time-pos=3.288000 decoder-frame-drop-count=0 frame-drop-count=0 estimated-vf-fps=30.000000 hwdec-current=no idle-active=no
MPV_SAMPLE t=4 renders=131 changed=131 time-pos=4.288000 decoder-frame-drop-count=0 frame-drop-count=0 estimated-vf-fps=30.000000 hwdec-current=no idle-active=no
MPV_SAMPLE t=5 renders=161 changed=161 time-pos=5.288000 decoder-frame-drop-count=0 frame-drop-count=0 estimated-vf-fps=30.000000 hwdec-current=no idle-active=no
MPV_SAMPLE t=6 renders=191 changed=191 time-pos=6.288000 decoder-frame-drop-count=0 frame-drop-count=0 estimated-vf-fps=30.000000 hwdec-current=no idle-active=no
ACTION resize
MPV_SAMPLE t=7 renders=221 changed=221 time-pos=7.288000 decoder-frame-drop-count=0 frame-drop-count=0 estimated-vf-fps=30.000000 hwdec-current=no idle-active=no
MPV_SAMPLE t=8 renders=251 changed=251 time-pos=8.288000 decoder-frame-drop-count=0 frame-drop-count=0 estimated-vf-fps=30.000000 hwdec-current=no idle-active=no
MPV_SAMPLE t=9 renders=281 changed=281 time-pos=9.288000 decoder-frame-drop-count=0 frame-drop-count=0 estimated-vf-fps=30.000000 hwdec-current=no idle-active=no
MPV_SAMPLE t=10 renders=311 changed=311 time-pos=10.288000 decoder-frame-drop-count=0 frame-drop-count=0 estimated-vf-fps=30.000000 hwdec-current=no idle-active=no
ACTION fullscreen
WINDOW_STATE fullscreen=1
MPV_SAMPLE t=11 renders=341 changed=341 time-pos=11.288000 decoder-frame-drop-count=0 frame-drop-count=0 estimated-vf-fps=30.000000 hwdec-current=no idle-active=no
MPV_SAMPLE t=12 renders=371 changed=371 time-pos=12.288000 decoder-frame-drop-count=0 frame-drop-count=0 estimated-vf-fps=30.000000 hwdec-current=no idle-active=no
ACTION unfullscreen
WINDOW_STATE fullscreen=0
MPV_SAMPLE t=13 renders=401 changed=401 time-pos=13.288000 decoder-frame-drop-count=0 frame-drop-count=0 estimated-vf-fps=30.000000 hwdec-current=no idle-active=no
MPV_SAMPLE t=14 renders=431 changed=431 time-pos=14.288000 decoder-frame-drop-count=0 frame-drop-count=0 estimated-vf-fps=30.000000 hwdec-current=no idle-active=no
ACTION release
WEB control:stop
MPV_EVENT end-file
MPV_SAMPLE t=15 renders=434 changed=434 time-pos=unavailable decoder-frame-drop-count=unavailable frame-drop-count=unavailable estimated-vf-fps=unavailable hwdec-current=unavailable idle-active=yes
MPV_SAMPLE t=16 renders=434 changed=434 time-pos=unavailable decoder-frame-drop-count=unavailable frame-drop-count=unavailable estimated-vf-fps=unavailable hwdec-current=unavailable idle-active=yes
ACTION resume
WEB control:start
MPV_EVENT file-loaded
MPV_EVENT playback-restart
MPV_SAMPLE t=17 renders=457 changed=457 time-pos=0.754667 decoder-frame-drop-count=0 frame-drop-count=0 estimated-vf-fps=30.000000 hwdec-current=no idle-active=no
MPV_SAMPLE t=18 renders=487 changed=487 time-pos=1.754667 decoder-frame-drop-count=0 frame-drop-count=0 estimated-vf-fps=30.000000 hwdec-current=no idle-active=no
MPV_SAMPLE t=19 renders=517 changed=517 time-pos=2.754667 decoder-frame-drop-count=0 frame-drop-count=0 estimated-vf-fps=30.000000 hwdec-current=no idle-active=no
ACTION release-before-replace
WEB control:stop
MPV_EVENT end-file
MPV_SAMPLE t=20 renders=520 changed=520 time-pos=unavailable decoder-frame-drop-count=unavailable frame-drop-count=unavailable estimated-vf-fps=unavailable hwdec-current=unavailable idle-active=yes
ACTION replace
WEB control:start
MPV_EVENT file-loaded
MPV_EVENT playback-restart
MPV_SAMPLE t=21 renders=543 changed=543 time-pos=0.754667 decoder-frame-drop-count=0 frame-drop-count=0 estimated-vf-fps=30.000000 hwdec-current=no idle-active=no
MPV_SAMPLE t=22 renders=573 changed=573 time-pos=1.754667 decoder-frame-drop-count=0 frame-drop-count=0 estimated-vf-fps=30.000000 hwdec-current=no idle-active=no
MPV_SAMPLE t=23 renders=603 changed=603 time-pos=2.754667 decoder-frame-drop-count=0 frame-drop-count=0 estimated-vf-fps=30.000000 hwdec-current=no idle-active=no
MPV_SAMPLE t=24 renders=633 changed=633 time-pos=3.754667 decoder-frame-drop-count=0 frame-drop-count=0 estimated-vf-fps=30.000000 hwdec-current=no idle-active=no
MPV_SAMPLE t=25 renders=663 changed=663 time-pos=4.754667 decoder-frame-drop-count=0 frame-drop-count=0 estimated-vf-fps=30.000000 hwdec-current=no idle-active=no
MPV_SAMPLE t=26 renders=693 changed=693 time-pos=5.754667 decoder-frame-drop-count=0 frame-drop-count=0 estimated-vf-fps=30.000000 hwdec-current=no idle-active=no
ACTION stop
WEB control:stop
MPV_EVENT end-file
MPV_SAMPLE t=27 renders=696 changed=696 time-pos=unavailable decoder-frame-drop-count=unavailable frame-drop-count=unavailable estimated-vf-fps=unavailable hwdec-current=unavailable idle-active=yes
MPV_SAMPLE t=28 renders=696 changed=696 time-pos=unavailable decoder-frame-drop-count=unavailable frame-drop-count=unavailable estimated-vf-fps=unavailable hwdec-current=unavailable idle-active=yes
CLEANUP complete renders=696 changed=696
