GDK_BACKEND GdkWaylandDisplay GTK 3.24.52 WEBKIT 2.52.6
WINDOW_STATE fullscreen=0
WINDOW_STATE fullscreen=0
WINDOW_STATE fullscreen=0
WEB {"event":"features","msePlayback":true,"mseLivePlayback":true,"mseH265Playback":true,"networkStreamIO":true,"networkLoaderName":"fetch-stream-loader","nativeMP4H264Playback":true,"nativeMP4H265Playback":true,"nativeWebmVP8Playback":true,"nativeWebmVP9Playback":true}
WEB {"event":"released","generation":0}
WEB {"event":"waiting","generation":1}
WEB {"event":"playing","generation":1}
WEB {"event":"sample","generation":1,"time":0.76165,"total":23,"dropped":0,"presented":22,"ready":3,"paused":false}
WEB {"event":"sample","generation":1,"time":1.773806,"total":53,"dropped":0,"presented":53,"ready":3,"paused":false}
WEB {"event":"sample","generation":1,"time":2.788031,"total":83,"dropped":0,"presented":83,"ready":3,"paused":false}
WEB {"event":"sample","generation":1,"time":3.780384,"total":113,"dropped":0,"presented":113,"ready":3,"paused":false}
WEB {"event":"sample","generation":1,"time":4.779919,"total":143,"dropped":0,"presented":143,"ready":3,"paused":false}
ACTION resize
WEB {"event":"sample","generation":1,"time":5.786397,"total":173,"dropped":0,"presented":173,"ready":3,"paused":false}
WEB {"event":"sample","generation":1,"time":6.783946,"total":203,"dropped":0,"presented":203,"ready":3,"paused":false}
WEB {"event":"sample","generation":1,"time":7.781515,"total":233,"dropped":0,"presented":233,"ready":3,"paused":false}
WEB {"event":"sample","generation":1,"time":8.793654,"total":264,"dropped":0,"presented":263,"ready":3,"paused":false}
ACTION fullscreen
WINDOW_STATE fullscreen=1
WEB {"event":"sample","generation":1,"time":9.787912,"total":293,"dropped":0,"presented":293,"ready":3,"paused":false}
WEB {"event":"sample","generation":1,"time":10.782156,"total":323,"dropped":0,"presented":323,"ready":3,"paused":false}
ACTION unfullscreen
WINDOW_STATE fullscreen=0
WEB {"event":"sample","generation":1,"time":11.787433,"total":353,"dropped":0,"presented":353,"ready":3,"paused":false}
WEB {"event":"sample","generation":1,"time":12.780914,"total":383,"dropped":0,"presented":383,"ready":3,"paused":false}
ACTION release
WEB {"event":"released","generation":1}
WEB {"event":"sample","generation":1,"time":0,"total":0,"dropped":0,"presented":402,"ready":0,"paused":true}
WEB {"event":"sample","generation":1,"time":0,"total":0,"dropped":0,"presented":402,"ready":0,"paused":true}
ACTION resume
WEB {"event":"released","generation":1}
WEB {"event":"waiting","generation":2}
WEB {"event":"playing","generation":2}
WEB {"event":"sample","generation":2,"time":0.176496,"total":5,"dropped":0,"presented":5,"ready":3,"paused":false}
WEB {"event":"sample","generation":2,"time":1.198591,"total":36,"dropped":0,"presented":36,"ready":3,"paused":false}
WEB {"event":"sample","generation":2,"time":2.210909,"total":66,"dropped":0,"presented":66,"ready":3,"paused":false}
ACTION release-before-replace
WEB {"event":"released","generation":2}
WEB {"event":"sample","generation":2,"time":0,"total":0,"dropped":0,"presented":85,"ready":0,"paused":true}
ACTION replace
WEB {"event":"released","generation":2}
WEB {"event":"waiting","generation":3}
WEB {"event":"playing","generation":3}
WEB {"event":"sample","generation":3,"time":0.180762,"total":5,"dropped":0,"presented":5,"ready":3,"paused":false}
WEB {"event":"sample","generation":3,"time":1.204458,"total":36,"dropped":0,"presented":36,"ready":3,"paused":false}
WEB {"event":"sample","generation":3,"time":2.217817,"total":66,"dropped":0,"presented":66,"ready":3,"paused":false}
WEB {"event":"sample","generation":3,"time":3.215967,"total":96,"dropped":0,"presented":96,"ready":3,"paused":false}
WEB {"event":"sample","generation":3,"time":4.227558,"total":127,"dropped":0,"presented":126,"ready":3,"paused":false}
WEB {"event":"sample","generation":3,"time":5.229707,"total":157,"dropped":0,"presented":157,"ready":3,"paused":false}
ACTION stop
WEB {"event":"released","generation":3}
WEB {"event":"sample","generation":3,"time":0,"total":0,"dropped":0,"presented":174,"ready":0,"paused":true}
WEB {"event":"sample","generation":3,"time":0,"total":0,"dropped":0,"presented":174,"ready":0,"paused":true}
CLEANUP complete renders=0 changed=0
