GDK_BACKEND GdkWaylandDisplay GTK 3.24.52 WEBKIT 2.52.6
WINDOW_STATE fullscreen=0
WINDOW_STATE fullscreen=0
WEB {"event":"features","msePlayback":true,"mseLivePlayback":true,"mseH265Playback":true,"networkStreamIO":true,"networkLoaderName":"fetch-stream-loader","nativeMP4H264Playback":true,"nativeMP4H265Playback":true,"nativeWebmVP8Playback":true,"nativeWebmVP9Playback":true}
WEB {"event":"released","generation":0}
WEB {"event":"waiting","generation":1}
WEB {"event":"playing","generation":1}
WEB {"event":"sample","generation":1,"time":0.678769,"total":20,"dropped":0,"presented":0,"ready":3,"paused":false}
WEB {"event":"sample","generation":1,"time":1.681806,"total":50,"dropped":0,"presented":0,"ready":3,"paused":false}
WEB {"event":"sample","generation":1,"time":2.679103,"total":80,"dropped":0,"presented":0,"ready":3,"paused":false}
WEB {"event":"sample","generation":1,"time":3.680436,"total":110,"dropped":0,"presented":0,"ready":3,"paused":false}
WEB {"event":"sample","generation":1,"time":4.672319,"total":140,"dropped":0,"presented":0,"ready":3,"paused":false}
ACTION resize
WEB {"event":"sample","generation":1,"time":5.681668,"total":170,"dropped":0,"presented":0,"ready":3,"paused":false}
WEB {"event":"sample","generation":1,"time":6.68343,"total":200,"dropped":0,"presented":0,"ready":3,"paused":false}
WEB {"event":"sample","generation":1,"time":7.693488,"total":231,"dropped":0,"presented":0,"ready":3,"paused":false}
WEB {"event":"sample","generation":1,"time":8.694468,"total":261,"dropped":0,"presented":0,"ready":3,"paused":false}
ACTION fullscreen
WINDOW_STATE fullscreen=1
WEB {"event":"sample","generation":1,"time":9.702541,"total":291,"dropped":0,"presented":0,"ready":3,"paused":false}
WEB {"event":"sample","generation":1,"time":10.702001,"total":321,"dropped":0,"presented":0,"ready":3,"paused":false}
ACTION unfullscreen
WINDOW_STATE fullscreen=0
WEB {"event":"sample","generation":1,"time":11.698788,"total":351,"dropped":0,"presented":0,"ready":3,"paused":false}
WEB {"event":"sample","generation":1,"time":12.701965,"total":381,"dropped":0,"presented":0,"ready":3,"paused":false}
ACTION release
WEB {"event":"released","generation":1}
WEB {"event":"sample","generation":1,"time":0,"total":0,"dropped":0,"presented":0,"ready":0,"paused":true}
WEB {"event":"sample","generation":1,"time":0,"total":0,"dropped":0,"presented":0,"ready":0,"paused":true}
ACTION resume
WEB {"event":"released","generation":1}
WEB {"event":"waiting","generation":2}
WEB {"event":"playing","generation":2}
WEB {"event":"sample","generation":2,"time":0.354601,"total":10,"dropped":0,"presented":0,"ready":3,"paused":false}
WEB {"event":"sample","generation":2,"time":1.379772,"total":41,"dropped":0,"presented":0,"ready":3,"paused":false}
WEB {"event":"sample","generation":2,"time":2.393656,"total":72,"dropped":0,"presented":0,"ready":3,"paused":false}
ACTION release-before-replace
WEB {"event":"released","generation":2}
WEB {"event":"sample","generation":2,"time":0,"total":0,"dropped":0,"presented":0,"ready":0,"paused":true}
ACTION replace
WEB {"event":"released","generation":2}
WEB {"event":"waiting","generation":3}
WEB {"event":"playing","generation":3}
WEB {"event":"waiting","generation":3}
WEB {"event":"playing","generation":3}
WEB {"event":"sample","generation":3,"time":0.429573,"total":3,"dropped":0,"presented":0,"ready":3,"paused":false}
WEB {"event":"sample","generation":3,"time":1.421195,"total":32,"dropped":0,"presented":0,"ready":3,"paused":false}
WEB {"event":"sample","generation":3,"time":2.405652,"total":62,"dropped":0,"presented":0,"ready":3,"paused":false}
WEB {"event":"sample","generation":3,"time":3.387977,"total":91,"dropped":0,"presented":0,"ready":3,"paused":false}
WEB {"event":"sample","generation":3,"time":4.377664,"total":121,"dropped":0,"presented":0,"ready":3,"paused":false}
WEB {"event":"sample","generation":3,"time":5.392995,"total":152,"dropped":0,"presented":0,"ready":3,"paused":false}
ACTION stop
WEB {"event":"released","generation":3}
WEB {"event":"sample","generation":3,"time":0,"total":0,"dropped":0,"presented":0,"ready":0,"paused":true}
WEB {"event":"sample","generation":3,"time":0,"total":0,"dropped":0,"presented":0,"ready":0,"paused":true}
CLEANUP complete renders=0 changed=0
