
(player:43701): dbind-WARNING **: 20:58:04.524: AT-SPI: Error retrieving accessibility bus address: org.freedesktop.DBus.Error.ServiceUnknown: The name org.a11y.Bus was not provided by any .service files
WEB {"event":"features","msePlayback":true,"mseLivePlayback":true,"mseH265Playback":true,"networkStreamIO":true,"networkLoaderName":"fetch-stream-loader","nativeMP4H264Playback":true,"nativeMP4H265Playback":true,"nativeWebmVP8Playback":true,"nativeWebmVP9Playback":true}
WEB {"event":"released","generation":0}
WEB {"event":"waiting","generation":1}
[W][20:58:05.807027] pw.conf      | [          conf.c: 1182 try_load_conf()] can't load config client.conf: No such file or directory
[E][20:58:05.807100] pw.conf      | [          conf.c: 1215 pw_conf_load_conf_for_context()] can't load config client.conf: No such file or directory
[ALSOFT] (EE) Failed to create PipeWire event context (errno: 2)
ALSA lib confmisc.c:855:(parse_card) [error.core] cannot find card '0'
ALSA lib conf.c:5211:(_snd_config_evaluate) [error.core] function snd_func_card_inum returned error: No such file or directory
ALSA lib confmisc.c:422:(snd_func_concat) [error.core] error evaluating strings
ALSA lib conf.c:5211:(_snd_config_evaluate) [error.core] function snd_func_concat returned error: No such file or directory
ALSA lib confmisc.c:1342:(snd_func_refer) [error.core] error evaluating name
ALSA lib conf.c:5211:(_snd_config_evaluate) [error.core] function snd_func_refer returned error: No such file or directory
ALSA lib conf.c:5734:(snd_config_expand) [error.core] Evaluate error: No such file or directory
ALSA lib pcm.c:2722:(snd_pcm_open_noupdate) [error.pcm] Unknown PCM default
WEB {"event":"playing","generation":1}
WEB {"event":"sample","generation":1,"time":0.27566569,"total":8,"dropped":0,"presented":0,"ready":3,"paused":false}
WEB {"event":"sample","generation":1,"time":1.275702405,"total":38,"dropped":0,"presented":0,"ready":3,"paused":false}
WEB {"event":"sample","generation":1,"time":2.275648156,"total":68,"dropped":0,"presented":0,"ready":3,"paused":false}
WEB {"event":"sample","generation":1,"time":3.275878742,"total":98,"dropped":0,"presented":0,"ready":3,"paused":false}
WEB {"event":"sample","generation":1,"time":4.275878929,"total":128,"dropped":0,"presented":0,"ready":3,"paused":false}
ACTION resize
WEB {"event":"sample","generation":1,"time":5.276126991,"total":158,"dropped":0,"presented":0,"ready":3,"paused":false}
WEB {"event":"sample","generation":1,"time":6.275911436,"total":188,"dropped":0,"presented":0,"ready":3,"paused":false}
WEB {"event":"sample","generation":1,"time":7.279945708,"total":218,"dropped":0,"presented":0,"ready":3,"paused":false}
WEB {"event":"sample","generation":1,"time":8.284026148,"total":248,"dropped":0,"presented":0,"ready":3,"paused":false}
ACTION fullscreen
WEB {"event":"sample","generation":1,"time":9.288132328,"total":278,"dropped":0,"presented":0,"ready":3,"paused":false}
WEB {"event":"sample","generation":1,"time":10.300863865,"total":309,"dropped":0,"presented":0,"ready":3,"paused":false}
ACTION unfullscreen
WEB {"event":"sample","generation":1,"time":11.304322716,"total":339,"dropped":0,"presented":0,"ready":3,"paused":false}
WEB {"event":"sample","generation":1,"time":12.308259804,"total":369,"dropped":0,"presented":0,"ready":3,"paused":false}
ACTION release
WEB {"event":"released","generation":1}
WEB {"event":"sample","generation":1,"time":0,"total":0,"dropped":0,"presented":0,"ready":0,"paused":true}
WEB {"event":"sample","generation":1,"time":0,"total":0,"dropped":0,"presented":0,"ready":0,"paused":true}
ACTION resume
WEB {"event":"released","generation":1}
WEB {"event":"waiting","generation":2}
ALSA lib confmisc.c:855:(parse_card) [error.core] cannot find card '0'
ALSA lib conf.c:5211:(_snd_config_evaluate) [error.core] function snd_func_card_inum returned error: No such file or directory
ALSA lib confmisc.c:422:(snd_func_concat) [error.core] error evaluating strings
ALSA lib conf.c:5211:(_snd_config_evaluate) [error.core] function snd_func_concat returned error: No such file or directory
ALSA lib confmisc.c:1342:(snd_func_refer) [error.core] error evaluating name
ALSA lib conf.c:5211:(_snd_config_evaluate) [error.core] function snd_func_refer returned error: No such file or directory
ALSA lib conf.c:5734:(snd_config_expand) [error.core] Evaluate error: No such file or directory
ALSA lib pcm.c:2722:(snd_pcm_open_noupdate) [error.pcm] Unknown PCM default
WEB {"event":"playing","generation":2}
WEB {"event":"sample","generation":2,"time":0.187640982,"total":5,"dropped":0,"presented":0,"ready":3,"paused":false}
WEB {"event":"sample","generation":2,"time":1.194138674,"total":36,"dropped":0,"presented":0,"ready":3,"paused":false}
WEB {"event":"sample","generation":2,"time":2.200949689,"total":66,"dropped":0,"presented":0,"ready":3,"paused":false}
ACTION release-before-replace
WEB {"event":"released","generation":2}
WEB {"event":"sample","generation":2,"time":0,"total":0,"dropped":0,"presented":0,"ready":0,"paused":true}
ACTION replace
WEB {"event":"released","generation":2}
WEB {"event":"waiting","generation":3}
ALSA lib confmisc.c:855:(parse_card) [error.core] cannot find card '0'
ALSA lib conf.c:5211:(_snd_config_evaluate) [error.core] function snd_func_card_inum returned error: No such file or directory
ALSA lib confmisc.c:422:(snd_func_concat) [error.core] error evaluating strings
ALSA lib conf.c:5211:(_snd_config_evaluate) [error.core] function snd_func_concat returned error: No such file or directory
ALSA lib confmisc.c:1342:(snd_func_refer) [error.core] error evaluating name
ALSA lib conf.c:5211:(_snd_config_evaluate) [error.core] function snd_func_refer returned error: No such file or directory
ALSA lib conf.c:5734:(snd_config_expand) [error.core] Evaluate error: No such file or directory
ALSA lib pcm.c:2722:(snd_pcm_open_noupdate) [error.pcm] Unknown PCM default
WEB {"event":"playing","generation":3}
WEB {"event":"sample","generation":3,"time":0.272021115,"total":8,"dropped":0,"presented":0,"ready":3,"paused":false}
WEB {"event":"sample","generation":3,"time":1.275760073,"total":38,"dropped":0,"presented":0,"ready":3,"paused":false}
WEB {"event":"sample","generation":3,"time":2.279703405,"total":68,"dropped":0,"presented":0,"ready":3,"paused":false}
WEB {"event":"sample","generation":3,"time":3.283681659,"total":98,"dropped":0,"presented":0,"ready":3,"paused":false}
WEB {"event":"sample","generation":3,"time":4.287711165,"total":128,"dropped":0,"presented":0,"ready":3,"paused":false}
WEB {"event":"sample","generation":3,"time":5.292248945,"total":159,"dropped":0,"presented":0,"ready":3,"paused":false}
ACTION stop
WEB {"event":"released","generation":3}
WEB {"event":"sample","generation":3,"time":0,"total":0,"dropped":0,"presented":0,"ready":0,"paused":true}
WEB {"event":"sample","generation":3,"time":0,"total":0,"dropped":0,"presented":0,"ready":0,"paused":true}
CLEANUP complete renders=0 changed=0
